// Jest Snapshot v1, https://goo.gl/fbAQLP

exports[`<Display /> Snapshot test 1`] = `
<div
  class="display panel"
>
  <div
    class="led green-led"
  >
    Unlocked
  </div>
  <div
    class="led green-led"
  >
    Open
  </div>
</div>
`;
