// Jest Snapshot v1, https://goo.gl/fbAQLP

exports[`<Controls /> Snapshot test 1`] = `
<div
  class="controls panel"
>
  <button
    class="toggle-btn"
    disabled=""
  >
    Lock Gate
  </button>
  <button
    class="toggle-btn"
  >
    Close Gate
  </button>
</div>
`;
